// Jest Snapshot v1, https://goo.gl/fbAQLP

exports[`LoadingScreen renders correctly 1`] = `
<div
  className="root"
>
  <div
    className="inner innerDelayed"
  >
    <img
      src={Object {}}
    />
    <div>
      <p
        className="header"
      >
        Loading...
      </p>
      <p>
        <em>
          Everyday I'm bundling, ev-everyday I'm bundling ðŸŽµ
        </em>
      </p>
    </div>
  </div>
</div>
`;
