// Jest Snapshot v1, https://goo.gl/fbAQLP

exports[`snapshot is stable 1`] = `
<withRouter(MyComponent)>
  <Route>
    <MyComponent
      history={
        Object {
          "action": "POP",
          "block": [Function],
          "canGo": [Function],
          "createHref": [Function],
          "entries": Array [
            Object {
              "hash": "",
              "key": "mocked",
              "pathname": "/",
              "search": "",
              "state": undefined,
            },
          ],
          "go": [Function],
          "goBack": [Function],
          "goForward": [Function],
          "index": 0,
          "length": 1,
          "listen": [Function],
          "location": Object {
            "hash": "",
            "key": "mocked",
            "pathname": "/",
            "search": "",
            "state": undefined,
          },
          "push": [Function],
          "replace": [Function],
        }
      }
      location={
        Object {
          "hash": "",
          "key": "mocked",
          "pathname": "/",
          "search": "",
          "state": undefined,
        }
      }
      match={
        Object {
          "isExact": true,
          "params": Object {},
          "path": "/",
          "url": "/",
        }
      }
    >
      <div>
        MyComponent
      </div>
    </MyComponent>
  </Route>
</withRouter(MyComponent)>
`;
