// Jest Snapshot v1, https://goo.gl/fbAQLP

exports[`Tree Fixtrue View should load Tree with propulated items  1`] = `
<div
  className="root"
>
  <div
    className="searchInputContainer"
  >
    <input
      className="searchInput"
      onChange={[Function]}
      placeholder="Search..."
      value=""
    />
    <svg
      viewBox="0 0 24 24"
    >
      <path
        d="M15.5 14h-.79l-.28-.27C15.41 12.59 16 11.11 16 9.5 16 5.91 13.09 3 9.5 3S3 5.91 3 9.5 5.91 16 9.5 16c1.61 0 3.09-.59 4.23-1.57l.27.28v.79l5 4.99L20.49 19l-4.99-5zm-6 0C7.01 14 5 11.99 5 9.5S7.01 5 9.5 5 14 7.01 14 9.5 11.99 14 9.5 14z"
      />
    </svg>
  </div>
  <div
    className="nodeTree"
  >
    <div
      className="node"
    >
      <button
        className="nodeNameContainer isNode "
        data-path="ComponentA"
        onClick={[Function]}
        title="ComponentA"
      >
        <div
          className="nodeArrow"
        >
          <svg
            height="10px"
            viewBox="0 0 10 10"
            width="10px"
          >
            <path
              d="M 5,4.5 l0, 4.5, l-4,0z"
              fill="#eeeeee"
              stroke="#eeeeee"
            />
          </svg>
        </div>
        <div
          className="nodeIcon"
        >
          <svg
            height="15px"
            viewBox="0 0 20 20"
            width="18px"
          >
            <path
              d="M 0,2 l2,0 l 6,0 l2,2 l10,0 l0,15 l-20,0z"
              fill="#aaaaaa"
            />
          </svg>
        </div>
        <div
          className="nodeName"
        >
          ComponentA
        </div>
      </button>
      <div
        className="nodeChildren"
      >
        <div
          className="node"
        >
          <button
            className="nodeNameContainer isLeaf "
            data-path="ComponentA/foo"
            onClick={[Function]}
            title="ComponentA/foo"
          >
            <div
              className="nodeArrow"
            />
            <div
              className="nodeIcon"
            >
              <div
                style={
                  Object {
                    "backgroundColor": "rgb(243, 204, 0)",
                    "color": "#333333",
                    "fontSize": "9px",
                    "height": "16px",
                    "left": "1px",
                    "position": "relative",
                    "width": "16px",
                  }
                }
              >
                <span
                  style={
                    Object {
                      "bottom": 0,
                      "position": "absolute",
                      "right": 1,
                    }
                  }
                >
                  JS
                </span>
              </div>
            </div>
            <div
              className="nodeName"
            >
              foo
            </div>
          </button>
        </div>
        <div
          className="node"
        >
          <button
            className="nodeNameContainer isLeaf "
            data-path="ComponentA/bar"
            onClick={[Function]}
            title="ComponentA/bar"
          >
            <div
              className="nodeArrow"
            />
            <div
              className="nodeIcon"
            >
              <div
                style={
                  Object {
                    "backgroundColor": "rgb(243, 204, 0)",
                    "color": "#333333",
                    "fontSize": "9px",
                    "height": "16px",
                    "left": "1px",
                    "position": "relative",
                    "width": "16px",
                  }
                }
              >
                <span
                  style={
                    Object {
                      "bottom": 0,
                      "position": "absolute",
                      "right": 1,
                    }
                  }
                >
                  JS
                </span>
              </div>
            </div>
            <div
              className="nodeName"
            >
              bar
            </div>
          </button>
        </div>
      </div>
    </div>
    <div
      className="node"
    >
      <button
        className="nodeNameContainer isNode "
        data-path="ComponentB"
        onClick={[Function]}
        title="ComponentB"
      >
        <div
          className="nodeArrow"
        >
          <svg
            height="10px"
            viewBox="0 0 10 10"
            width="10px"
          >
            <path
              d="M 5,4.5 l0, 4.5, l-4,0z"
              fill="#eeeeee"
              stroke="#eeeeee"
            />
          </svg>
        </div>
        <div
          className="nodeIcon"
        >
          <svg
            height="15px"
            viewBox="0 0 20 20"
            width="18px"
          >
            <path
              d="M 0,2 l2,0 l 6,0 l2,2 l10,0 l0,15 l-20,0z"
              fill="#aaaaaa"
            />
          </svg>
        </div>
        <div
          className="nodeName"
        >
          ComponentB
        </div>
      </button>
      <div
        className="nodeChildren"
      >
        <div
          className="node"
        >
          <button
            className="nodeNameContainer isLeaf "
            data-path="ComponentB/baz"
            onClick={[Function]}
            title="ComponentB/baz"
          >
            <div
              className="nodeArrow"
            />
            <div
              className="nodeIcon"
            >
              <div
                style={
                  Object {
                    "backgroundColor": "rgb(243, 204, 0)",
                    "color": "#333333",
                    "fontSize": "9px",
                    "height": "16px",
                    "left": "1px",
                    "position": "relative",
                    "width": "16px",
                  }
                }
              >
                <span
                  style={
                    Object {
                      "bottom": 0,
                      "position": "absolute",
                      "right": 1,
                    }
                  }
                >
                  JS
                </span>
              </div>
            </div>
            <div
              className="nodeName"
            >
              baz
            </div>
          </button>
        </div>
        <div
          className="node"
        >
          <button
            className="nodeNameContainer isLeaf "
            data-path="ComponentB/qux"
            onClick={[Function]}
            title="ComponentB/qux"
          >
            <div
              className="nodeArrow"
            />
            <div
              className="nodeIcon"
            >
              <div
                style={
                  Object {
                    "backgroundColor": "rgb(243, 204, 0)",
                    "color": "#333333",
                    "fontSize": "9px",
                    "height": "16px",
                    "left": "1px",
                    "position": "relative",
                    "width": "16px",
                  }
                }
              >
                <span
                  style={
                    Object {
                      "bottom": 0,
                      "position": "absolute",
                      "right": 1,
                    }
                  }
                >
                  JS
                </span>
              </div>
            </div>
            <div
              className="nodeName"
            >
              qux
            </div>
          </button>
        </div>
      </div>
    </div>
  </div>
</div>
`;

exports[`Tree Fixtrue View should load Tree with propulated items and selected path 1`] = `
<div
  className="root"
>
  <div
    className="searchInputContainer"
  >
    <input
      className="searchInput"
      onChange={[Function]}
      placeholder="Search..."
      value=""
    />
    <svg
      viewBox="0 0 24 24"
    >
      <path
        d="M15.5 14h-.79l-.28-.27C15.41 12.59 16 11.11 16 9.5 16 5.91 13.09 3 9.5 3S3 5.91 3 9.5 5.91 16 9.5 16c1.61 0 3.09-.59 4.23-1.57l.27.28v.79l5 4.99L20.49 19l-4.99-5zm-6 0C7.01 14 5 11.99 5 9.5S7.01 5 9.5 5 14 7.01 14 9.5 11.99 14 9.5 14z"
      />
    </svg>
  </div>
  <div
    className="nodeTree"
  >
    <div
      className="node"
    >
      <button
        className="nodeNameContainer isNode "
        data-path="ComponentA"
        onClick={[Function]}
        title="ComponentA"
      >
        <div
          className="nodeArrow"
        >
          <svg
            height="10px"
            viewBox="0 0 10 10"
            width="10px"
          >
            <path
              d="M 5,4.5 l0, 4.5, l-4,0z"
              fill="#eeeeee"
              stroke="#eeeeee"
            />
          </svg>
        </div>
        <div
          className="nodeIcon"
        >
          <svg
            height="15px"
            viewBox="0 0 20 20"
            width="18px"
          >
            <path
              d="M 0,2 l2,0 l 6,0 l2,2 l10,0 l0,15 l-20,0z"
              fill="#aaaaaa"
            />
          </svg>
        </div>
        <div
          className="nodeName"
        >
          ComponentA
        </div>
      </button>
      <div
        className="nodeChildren"
      >
        <div
          className="node"
        >
          <button
            className="nodeNameContainer isLeaf "
            data-path="ComponentA/foo"
            onClick={[Function]}
            title="ComponentA/foo"
          >
            <div
              className="nodeArrow"
            />
            <div
              className="nodeIcon"
            >
              <div
                style={
                  Object {
                    "backgroundColor": "rgb(243, 204, 0)",
                    "color": "#333333",
                    "fontSize": "9px",
                    "height": "16px",
                    "left": "1px",
                    "position": "relative",
                    "width": "16px",
                  }
                }
              >
                <span
                  style={
                    Object {
                      "bottom": 0,
                      "position": "absolute",
                      "right": 1,
                    }
                  }
                >
                  JS
                </span>
              </div>
            </div>
            <div
              className="nodeName"
            >
              foo
            </div>
          </button>
        </div>
        <div
          className="node"
        >
          <button
            className="nodeNameContainer isLeaf "
            data-path="ComponentA/bar"
            onClick={[Function]}
            title="ComponentA/bar"
          >
            <div
              className="nodeArrow"
            />
            <div
              className="nodeIcon"
            >
              <div
                style={
                  Object {
                    "backgroundColor": "rgb(243, 204, 0)",
                    "color": "#333333",
                    "fontSize": "9px",
                    "height": "16px",
                    "left": "1px",
                    "position": "relative",
                    "width": "16px",
                  }
                }
              >
                <span
                  style={
                    Object {
                      "bottom": 0,
                      "position": "absolute",
                      "right": 1,
                    }
                  }
                >
                  JS
                </span>
              </div>
            </div>
            <div
              className="nodeName"
            >
              bar
            </div>
          </button>
        </div>
      </div>
    </div>
    <div
      className="node"
    >
      <button
        className="nodeNameContainer isNode "
        data-path="ComponentB"
        onClick={[Function]}
        title="ComponentB"
      >
        <div
          className="nodeArrow"
        >
          <svg
            height="10px"
            viewBox="0 0 10 10"
            width="10px"
          >
            <path
              d="M 5,4.5 l0, 4.5, l-4,0z"
              fill="#eeeeee"
              stroke="#eeeeee"
            />
          </svg>
        </div>
        <div
          className="nodeIcon"
        >
          <svg
            height="15px"
            viewBox="0 0 20 20"
            width="18px"
          >
            <path
              d="M 0,2 l2,0 l 6,0 l2,2 l10,0 l0,15 l-20,0z"
              fill="#aaaaaa"
            />
          </svg>
        </div>
        <div
          className="nodeName"
        >
          ComponentB
        </div>
      </button>
      <div
        className="nodeChildren"
      >
        <div
          className="node"
        >
          <button
            className="nodeNameContainer isLeaf "
            data-path="ComponentB/baz"
            onClick={[Function]}
            title="ComponentB/baz"
          >
            <div
              className="nodeArrow"
            />
            <div
              className="nodeIcon"
            >
              <div
                style={
                  Object {
                    "backgroundColor": "rgb(243, 204, 0)",
                    "color": "#333333",
                    "fontSize": "9px",
                    "height": "16px",
                    "left": "1px",
                    "position": "relative",
                    "width": "16px",
                  }
                }
              >
                <span
                  style={
                    Object {
                      "bottom": 0,
                      "position": "absolute",
                      "right": 1,
                    }
                  }
                >
                  JS
                </span>
              </div>
            </div>
            <div
              className="nodeName"
            >
              baz
            </div>
          </button>
        </div>
        <div
          className="node"
        >
          <button
            className="nodeNameContainer isLeaf "
            data-path="ComponentB/qux"
            onClick={[Function]}
            title="ComponentB/qux"
          >
            <div
              className="nodeArrow"
            />
            <div
              className="nodeIcon"
            >
              <div
                style={
                  Object {
                    "backgroundColor": "rgb(243, 204, 0)",
                    "color": "#333333",
                    "fontSize": "9px",
                    "height": "16px",
                    "left": "1px",
                    "position": "relative",
                    "width": "16px",
                  }
                }
              >
                <span
                  style={
                    Object {
                      "bottom": 0,
                      "position": "absolute",
                      "right": 1,
                    }
                  }
                >
                  JS
                </span>
              </div>
            </div>
            <div
              className="nodeName"
            >
              qux
            </div>
          </button>
        </div>
      </div>
    </div>
  </div>
</div>
`;
