// Jest Snapshot v1, https://goo.gl/fbAQLP

exports[`NativeSelectedScreen renders correctly 1`] = `
<div
  className="root"
>
  <div
    className="inner"
  >
    <img
      src={Object {}}
    />
    <div>
      <p
        className="header"
      >
        Fixture loaded remotely
      </p>
      <p>
        <strong>
          Check your device or simulator to see the loaded fixture.
        </strong>
      </p>
      <p
        className="faded"
      >
        If something's wrong,
         
        <a
          href="https://github.com/react-cosmos/react-cosmos/issues/new"
          rel="noopener noreferrer"
          target="_blank"
        >
          report your error
        </a>
         
        and we'll do our best to help. Include as much details as you can.
      </p>
    </div>
  </div>
</div>
`;
